// Jest Snapshot v1, https://goo.gl/fbAQLP

exports[`ModalAddressSearch Component should render 1`] = `
<View
  style={
    Array [
      Object {
        "alignItems": "center",
        "backgroundColor": "#ffffff",
        "borderRadius": 8,
        "elevation": 5,
        "left": "5%",
        "paddingBottom": 20,
        "paddingLeft": 0,
        "paddingRight": 0,
        "paddingTop": 20,
        "position": "absolute",
        "shadowColor": "rgba(0, 0, 0, 0.1)",
        "shadowOffset": Object {
          "height": -5,
          "width": 0,
        },
        "shadowOpacity": 1,
        "shadowRadius": 20,
        "top": "10%",
        "width": "90%",
      },
    ]
  }
>
  <Text
    style={
      Array [
        Object {
          "color": "#242e42",
          "fontFamily": "SF UI Display",
          "fontSize": 17,
          "lineHeight": 20,
          "textAlign": "center",
        },
      ]
    }
  >
    Informe seu endereço
  </Text>
  <View
    debounce={400}
    enableHighAccuracyLocation={true}
    enablePoweredByContainer={false}
    fetchDetails={true}
    listViewDisplayed="auto"
    minLength={2}
    onPress={[Function]}
    placeholder="Informe seu endereço"
    query={
      Object {
        "key": "AIzaSyA7Ef0CvwLwFPEAfwMt57RSzP0LYXtanEI",
        "language": "en",
      }
    }
    styles={
      Object {
        "container": Object {
          "backgroundColor": "#ffffff",
          "flex": 1,
          "paddingTop": 20,
          "width": "90%",
        },
        "description": Object {
          "color": "#242e42",
        },
        "listView": Object {
          "flex": 1,
        },
        "predefinedPlacesDescription": Object {
          "color": "#1faadb",
        },
        "textInput": Object {
          "backgroundColor": "#efeff4",
          "borderRadius": 5,
          "borderWidth": 1,
          "color": "#242e42",
          "flex": 1,
          "fontSize": 15,
          "height": 50,
          "marginHorizontal": 15,
          "paddingHorizontal": 10,
          "paddingVertical": 5,
        },
        "textInputContainer": Object {
          "flexDirection": "row",
        },
      }
    }
  />
</View>
`;
